// Jest Snapshot v1, https://goo.gl/fbAQLP

exports[`components:App renders the App with a blank game board and nine squares 1`] = `
.c0 {
  display: grid;
  font-family: 'Verdana',sans-serif;
  grid-template-areas: 'board';
  height: 100vh;
  margin: 0;
  padding: 0;
  width: 100vw;
}

<div
  className="c0"
>
  <Board>
    <Square
      index={0}
      key="0"
    />
    <Square
      index={1}
      key="1"
    />
    <Square
      index={2}
      key="2"
    />
    <Square
      index={3}
      key="3"
    />
    <Square
      index={4}
      key="4"
    />
    <Square
      index={5}
      key="5"
    />
    <Square
      index={6}
      key="6"
    />
    <Square
      index={7}
      key="7"
    />
    <Square
      index={8}
      key="8"
    />
  </Board>
</div>
`;
